(3_w,6)-aCMA-ES (mu_w=2.0,w_1=63%) in dimension 2 (seed=1, Sun Apr 21 13:18:58 2024)
> /home/jarda/Desktop/thesis/nncmaes/code/nncmaes.py(722)__call__()
-> return idx
(Pdb) *** SyntaxError: f-string: expecting '}'
(Pdb) *** SyntaxError: unmatched '}'
(Pdb) [[558317.11850728]
 [234326.64260987]
 [173304.21845482]
 [ 85996.6444934 ]
 [  6630.16254065]
 [  3661.47695607]]
[[1.4667238 ]
 [1.32381889]
 [0.93740998]
 [0.99015091]
 [0.16201316]
 [0.06209178]]
(Pdb) subset-idx-size=6
tau-train-ens=0.9999999999999999
tau-archive=0.9999999999999999
eval=1 | not-eval=5 | tau= 1.00 | n_kendall= 7 | std(means)/mean(stds)=  2.93 | std(means)=1.68e+05 | mean(stds)=5.73e+04
tau-population= 0.60
> /home/jarda/Desktop/thesis/nncmaes/code/nncmaes.py(722)__call__()
-> return idx
(Pdb) [[5.58317119e+05]
 [2.34326643e+05]
 [1.73304218e+05]
 [8.59966445e+04]
 [6.63016254e+03]
 [3.66147696e+03]
 [7.84627511e+01]]
[[1.75967605]
 [1.35676286]
 [1.3596575 ]
 [0.97300059]
 [0.74574778]
 [0.66100619]
 [0.30208237]]
(Pdb) subset-idx-size=7
tau-train-ens=1.0
tau-archive=0.9999999999999999
eval=1 | not-eval=5 | tau= 0.93 | n_kendall= 8 | std(means)/mean(stds)=  0.25 | std(means)=2.05e+04 | mean(stds)=8.28e+04
tau-population= 0.20
> /home/jarda/Desktop/thesis/nncmaes/code/nncmaes.py(722)__call__()
-> return idx
(Pdb) 8
8
[[5.58317119e+05]
 [2.34326643e+05]
 [1.73304218e+05]
 [8.59966445e+04]
 [6.63016254e+03]
 [3.66147696e+03]
 [7.84627511e+01]
 [1.02210862e+02]]
[[1.86922026]
 [1.39849646]
 [1.52990293]
 [1.05142773]
 [1.09441527]
 [1.02706467]
 [0.84008446]
 [0.3738395 ]]
(Pdb) subset-idx-size=8
tau-train-ens=0.9285714285714285
tau-archive=0.9047619047619049
eval=1 | not-eval=5 | tau= 0.94 | n_kendall= 9 | std(means)/mean(stds)=  1.44 | std(means)=1.53e+05 | mean(stds)=1.06e+05
tau-population= 0.20
> /home/jarda/Desktop/thesis/nncmaes/code/nncmaes.py(722)__call__()
-> return idx
(Pdb) 9
7
[[1.73304218e+05]
 [8.59966445e+04]
 [6.63016254e+03]
 [3.66147696e+03]
 [7.84627511e+01]
 [1.02210862e+02]
 [1.78179063e+04]]
[[1.45609272]
 [1.60010945]
 [0.62731848]
 [0.6058168 ]
 [0.32198787]
 [1.42620423]
 [1.05766901]]
(Pdb) subset-idx-size=7
tau-train-ens=1.0
tau-archive=0.9285714285714285
eval=1 | not-eval=5 | tau= 0.96 | n_kendall=10 | std(means)/mean(stds)=  2.57 | std(means)=5.34e+04 | mean(stds)=2.08e+04
tau-population= 0.73
> /home/jarda/Desktop/thesis/nncmaes/code/nncmaes.py(722)__call__()
-> return idx
(Pdb) 10
5
[[ 6630.16254065]
 [ 3661.47695607]
 [   78.46275105]
 [17817.90633145]
 [   39.06107696]]
[[1.14677228]
 [1.14590228]
 [0.7132121 ]
 [1.08764017]
 [0.47535995]]
(Pdb) subset-idx-size=5
tau-train-ens=0.9999999999999999
tau-archive=0.7222222222222222
eval=6 | not-eval=0 | tau= 0.42 | n_kendall=12 | std(means)/mean(stds)=  2.73 | std(means)=1.48e+04 | mean(stds)=5.45e+03
tau-population= 0.73
> /home/jarda/Desktop/thesis/nncmaes/code/nncmaes.py(722)__call__()
-> return idx
(Pdb) 16
7
[[ 6630.16254065]
 [ 3661.47695607]
 [   78.46275105]
 [17817.90633145]
 [   39.06107696]
 [   48.44405448]
 [   43.06319667]]
[[1.22001503]
 [1.1933779 ]
 [0.94692729]
 [1.71856341]
 [0.75581163]
 [0.32343988]
 [0.2708569 ]]
(Pdb) subset-idx-size=7
tau-train-ens=0.7142857142857143
tau-archive=0.23636363636363636
eval=6 | not-eval=0 | tau=-0.73 | n_kendall=12 | std(means)/mean(stds)=  1.77 | std(means)=2.19e+03 | mean(stds)=1.24e+03
tau-population=-0.73
> /home/jarda/Desktop/thesis/nncmaes/code/nncmaes.py(722)__call__()
-> return idx
(Pdb) 22
12
[[ 6630.16254065]
 [ 3661.47695607]
 [   78.46275105]
 [17817.90633145]
 [   39.06107696]
 [   48.44405448]
 [   43.06319667]
 [   58.62776079]
 [   42.88473065]
 [   40.80250636]
 [   37.32834167]
 [   37.28854905]]
[[1.44018562]
 [1.52623298]
 [1.91265562]
 [0.97231119]
 [0.15550316]
 [1.12125032]
 [0.72740617]
 [1.17727669]
 [0.54441985]
 [0.43926737]
 [0.07513111]
 [0.08144863]]
(Pdb) subset-idx-size=12
> /home/jarda/Desktop/thesis/nncmaes/code/nncmaes.py(1361)__call__()
-> print("tau-train-ens={}".format(tau))
(Pdb) 0.4909090909090909
(Pdb) array([[ 1.14404965],
       [ 0.47587998],
       [-0.3305582 ],
       [ 3.6621038 ],
       [-0.33942644],
       [-0.33731459],
       [-0.33852567],
       [-0.33502251],
       [-0.33856584],
       [-0.33903449],
       [-0.33981643],
       [-0.33982539]])
(Pdb) array([[-8.48261778e-02],
       [ 1.65721746e-02],
       [ 2.66614630e-03],
       [ 7.33447033e-05],
       [-6.48705722e-02],
       [-3.88651030e-03],
       [ 1.54947522e-03],
       [-1.49863849e-02],
       [ 3.99280115e-03],
       [ 4.03156909e-03],
       [ 6.29511588e-03],
       [-8.12996558e-03]])
(Pdb) array([[ 0.7859577 ],
       [ 0.55212545],
       [-0.3125056 ],
       [ 3.6622977 ],
       [-0.4152112 ],
       [-0.34924108],
       [-0.3353187 ],
       [-0.38366118],
       [-0.3316838 ],
       [-0.33277923],
       [-0.33303013],
       [-0.34864524]], dtype=float32)
(Pdb) array([[ 1.14404965],
       [ 0.47587998],
       [-0.3305582 ],
       [ 3.6621038 ],
       [-0.33942644],
       [-0.33731459],
       [-0.33852567],
       [-0.33502251],
       [-0.33856584],
       [-0.33903449],
       [-0.33981643],
       [-0.33982539]])
(Pdb) array([[-3.58091955e-01],
       [ 7.62454728e-02],
       [ 1.80526001e-02],
       [ 1.93926939e-04],
       [-7.57847621e-02],
       [-1.19264901e-02],
       [ 3.20695689e-03],
       [-4.86386658e-02],
       [ 6.88202455e-03],
       [ 6.25526195e-03],
       [ 6.78629534e-03],
       [-8.81985406e-03]])
(Pdb) array([0.23688379, 0.2173529 , 0.14768766, 0.37820792, 0.85598437,
       0.32587209, 0.4831606 , 0.30811669, 0.58017828, 0.64450843,
       0.92762186, 0.92178006])
(Pdb) array([0.23688379, 0.2173529 , 0.14768766, 0.37820792, 0.85598437,
       0.32587209, 0.4831606 , 0.30811669, 0.58017828, 0.64450843,
       0.92762186, 0.92178006])
(Pdb) 