(3_w,6)-aCMA-ES (mu_w=2.0,w_1=63%) in dimension 2 (seed=1, Sun Apr 21 13:00:56 2024)
> /home/jarda/Desktop/thesis/nncmaes/code/nncmaes.py(722)__call__()
-> return idx
(Pdb) *** NameError: name 'train_y' is not defined
(Pdb) array([[558317.11850728],
       [234326.64260987],
       [173304.21845482],
       [ 85996.6444934 ],
       [  6630.16254065],
       [  3661.47695607]])
(Pdb) array([1.4667238 , 1.32381889, 0.93740998, 0.99015091, 0.16201316,
       0.06209178])
(Pdb) array([[1.4667238 ],
       [1.32381889],
       [0.93740998],
       [0.99015091],
       [0.16201316],
       [0.06209178]])
(Pdb) (array([[558317.11850728],
       [234326.64260987],
       [173304.21845482],
       [ 85996.6444934 ],
       [  6630.16254065],
       [  3661.47695607]]), array([[1.4667238 ],
       [1.32381889],
       [0.93740998],
       [0.99015091],
       [0.16201316],
       [0.06209178]]))
(Pdb) (array([[558317.11850728],
       [234326.64260987],
       [173304.21845482],
       [ 85996.6444934 ],
       [  6630.16254065],
       [  3661.47695607]]), None, array([[1.4667238 ],
       [1.32381889],
       [0.93740998],
       [0.99015091],
       [0.16201316],
       [0.06209178]]))
(Pdb) (array([[558317.11850728],
       [234326.64260987],
       [173304.21845482],
       [ 85996.6444934 ],
       [  6630.16254065],
       [  3661.47695607]]), '\n', array([[1.4667238 ],
       [1.32381889],
       [0.93740998],
       [0.99015091],
       [0.16201316],
       [0.06209178]]))
(Pdb) '[[558317.11850728]\n [234326.64260987]\n [173304.21845482]\n [ 85996.6444934 ]\n [  6630.16254065]\n [  3661.47695607]]\n[[1.4667238 ]\n [1.32381889]\n [0.93740998]\n [0.99015091]\n [0.16201316]\n [0.06209178]]'
(Pdb) [[558317.11850728]
 [234326.64260987]
 [173304.21845482]
 [ 85996.6444934 ]
 [  6630.16254065]
 [  3661.47695607]]
[[1.4667238 ]
 [1.32381889]
 [0.93740998]
 [0.99015091]
 [0.16201316]
 [0.06209178]]
(Pdb) subset-idx-size=6
tau-train-ens=0.9999999999999999
tau-archive=0.9999999999999999
eval=1 | not-eval=5 | tau= 1.00 | n_kendall= 7 | std(means)/mean(stds)=  2.93 | std(means)=1.68e+05 | mean(stds)=5.73e+04
tau-population= 0.60
> /home/jarda/Desktop/thesis/nncmaes/code/nncmaes.py(722)__call__()
-> return idx
(Pdb) [[5.58317119e+05]
 [2.34326643e+05]
 [1.73304218e+05]
 [8.59966445e+04]
 [6.63016254e+03]
 [3.66147696e+03]
 [7.84627511e+01]]
[[1.75967605]
 [1.35676286]
 [1.3596575 ]
 [0.97300059]
 [0.74574778]
 [0.66100619]
 [0.30208237]]
(Pdb) subset-idx-size=7
tau-train-ens=1.0
tau-archive=0.9999999999999999
eval=1 | not-eval=5 | tau= 0.93 | n_kendall= 8 | std(means)/mean(stds)=  0.25 | std(means)=2.05e+04 | mean(stds)=8.28e+04
tau-population= 0.20
> /home/jarda/Desktop/thesis/nncmaes/code/nncmaes.py(722)__call__()
-> return idx
(Pdb) [[5.58317119e+05]
 [2.34326643e+05]
 [1.73304218e+05]
 [8.59966445e+04]
 [6.63016254e+03]
 [3.66147696e+03]
 [7.84627511e+01]
 [1.02210862e+02]]
[[1.86922026]
 [1.39849646]
 [1.52990293]
 [1.05142773]
 [1.09441527]
 [1.02706467]
 [0.84008446]
 [0.3738395 ]]
(Pdb) subset-idx-size=8
tau-train-ens=0.9285714285714285
tau-archive=0.9047619047619049
eval=1 | not-eval=5 | tau= 0.94 | n_kendall= 9 | std(means)/mean(stds)=  1.44 | std(means)=1.53e+05 | mean(stds)=1.06e+05
tau-population= 0.20
> /home/jarda/Desktop/thesis/nncmaes/code/nncmaes.py(722)__call__()
-> return idx
(Pdb) [[5.58317119e+05]
 [2.34326643e+05]
 [1.73304218e+05]
 [8.59966445e+04]
 [6.63016254e+03]
 [3.66147696e+03]
 [7.84627511e+01]
 [1.02210862e+02]
 [1.78179063e+04]]
[[2.4745418 ]
 [2.16765752]
 [1.45609272]
 [1.60010945]
 [0.62731848]
 [0.6058168 ]
 [0.32198787]
 [1.42620423]
 [1.05766901]]
(Pdb) subset-idx-size=9
tau-train-ens=0.9444444444444445
tau-archive=0.9285714285714285
eval=1 | not-eval=5 | tau= 0.96 | n_kendall=10 | std(means)/mean(stds)=  2.73 | std(means)=5.01e+04 | mean(stds)=1.84e+04
tau-population= 0.73
> /home/jarda/Desktop/thesis/nncmaes/code/nncmaes.py(722)__call__()
-> return idx
(Pdb) [[2.34326643e+05]
 [1.73304218e+05]
 [8.59966445e+04]
 [6.63016254e+03]
 [3.66147696e+03]
 [7.84627511e+01]
 [1.02210862e+02]
 [1.78179063e+04]
 [3.90610770e+01]]
[[3.1767164 ]
 [2.78279139]
 [1.76854217]
 [2.09463153]
 [0.79471962]
 [0.82600473]
 [0.99602031]
 [2.10588577]
 [0.64937208]
 [0.17065175]]
(Pdb) subset-idx-size=9
tau-train-ens=0.9444444444444445
tau-archive=0.9444444444444445
eval=1 | not-eval=5 | tau= 0.85 | n_kendall=11 | std(means)/mean(stds)=  3.29 | std(means)=6.05e+04 | mean(stds)=1.84e+04
tau-population= 0.87
> /home/jarda/Desktop/thesis/nncmaes/code/nncmaes.py(722)__call__()
-> return idx
(Pdb) [[1.73304218e+05]
 [8.59966445e+04]
 [6.63016254e+03]
 [3.66147696e+03]
 [7.84627511e+01]
 [1.02210862e+02]
 [1.78179063e+04]
 [3.90610770e+01]
 [1.05485369e+02]]
[[4.04256896]
 [3.55850934]
 [2.65630159]
 [2.82735281]
 [1.56505072]
 [1.55767994]
 [0.79504054]
 [2.45529339]
 [1.4562141 ]
 [0.8170289 ]
 [0.65056801]]
(Pdb) subset-idx-size=9
tau-train-ens=1.0
tau-archive=0.9555555555555554
eval=6 | not-eval=0 | tau= 0.02 | n_kendall=12 | std(means)/mean(stds)=  0.71 | std(means)=9.14e+03 | mean(stds)=1.29e+04
tau-population=-0.47
> /home/jarda/Desktop/thesis/nncmaes/code/nncmaes.py(722)__call__()
-> return idx
(Pdb) [[ 6630.16254065]
 [ 3661.47695607]
 [   78.46275105]
 [17817.90633145]
 [   39.06107696]
 [  105.48536941]
 [ 3758.75058512]
 [ 2520.37840704]
 [ 1452.00275963]
 [   84.93005136]
 [   49.51588657]]
[[5.26382485]
 [4.63881503]
 [3.4451066 ]
 [3.69539714]
 [1.96746715]
 [1.96587404]
 [1.2428324 ]
 [3.69287665]
 [2.05203886]
 [1.03393852]
 [1.0171997 ]
 [1.3436158 ]
 [1.35644449]
 [1.17323404]
 [3.34391567]
 [0.5667029 ]
 [0.60521874]]
(Pdb) subset-idx-size=11
tau-train-ens=0.7818181818181819
tau-archive=0.5636363636363636
eval=6 | not-eval=0 | tau= 0.20 | n_kendall=12 | std(means)/mean(stds)=  1.16 | std(means)=7.73e+02 | mean(stds)=6.67e+02
tau-population= 0.47
> /home/jarda/Desktop/thesis/nncmaes/code/nncmaes.py(722)__call__()
-> return idx
(Pdb) [[1.73304218e+05]
 [6.63016254e+03]
 [3.66147696e+03]
 [7.84627511e+01]
 [1.78179063e+04]
 [3.90610770e+01]
 [1.05485369e+02]
 [3.75875059e+03]
 [2.52037841e+03]
 [1.45200276e+03]
 [8.49300514e+01]
 [4.95158866e+01]
 [1.16573960e+03]
 [9.04648475e+01]
 [7.85648037e+01]
 [5.81107861e+01]
 [5.09821883e+01]
 [3.93101411e+01]]
[[4.40932072]
 [3.92651926]
 [2.63337766]
 [3.09786327]
 [1.11674879]
 [1.18655096]
 [1.81133727]
 [4.52161723]
 [2.01921863]
 [0.6675794 ]
 [1.99339766]
 [1.75287322]
 [2.0276403 ]
 [1.49449369]
 [4.66868432]
 [1.50466057]
 [0.94832864]
 [1.51122188]
 [1.66178927]
 [1.60540048]
 [0.70700474]
 [0.48929785]
 [0.30496311]]
(Pdb) subset-idx-size=18
> /home/jarda/Desktop/thesis/nncmaes/code/nncmaes.py(1361)__call__()
-> print("tau-train-ens={}".format(tau))
(Pdb) 0.6363636363636364
(Pdb) array([[ 8.37715280e+00],
       [ 1.40314651e-01],
       [-6.39434048e-03],
       [-1.83462739e-01],
       [ 6.93199948e-01],
       [-1.85409924e-01],
       [-1.82127312e-01],
       [-1.58719077e-03],
       [-6.27861047e-02],
       [-1.15583988e-01],
       [-1.83143132e-01],
       [-1.84893259e-01],
       [-1.29730780e-01],
       [-1.82869609e-01],
       [-1.83457695e-01],
       [-1.84468509e-01],
       [-1.84820796e-01],
       [-1.85397615e-01]])
(Pdb) array([[-4.79118024e-01],
       [-4.85994191e-03],
       [ 1.48542913e-02],
       [ 1.22505338e-03],
       [ 4.19596042e-04],
       [-7.16066357e-04],
       [-8.89024269e-03],
       [-9.12768675e-03],
       [-1.01851228e-03],
       [ 8.34117868e-04],
       [ 1.75009582e-03],
       [-1.00190657e-02],
       [ 1.11503873e-03],
       [-2.90053950e-03],
       [ 2.78915908e-03],
       [ 1.95377252e-03],
       [-9.62344788e-03],
       [-9.85901087e-04]])
(Pdb) tau-train-ens=0.6363636363636364
tau-archive=0.6363636363636364
eval=6 | not-eval=0 | tau= 0.33 | n_kendall=12 | std(means)/mean(stds)=  1.83 | std(means)=2.44e+03 | mean(stds)=1.34e+03
tau-population= 0.33
> /home/jarda/Desktop/thesis/nncmaes/code/nncmaes.py(722)__call__()
-> return idx
(Pdb) [[1.73304218e+05]
 [6.63016254e+03]
 [3.66147696e+03]
 [7.84627511e+01]
 [1.78179063e+04]
 [3.90610770e+01]
 [1.05485369e+02]
 [3.75875059e+03]
 [2.52037841e+03]
 [1.45200276e+03]
 [8.49300514e+01]
 [4.95158866e+01]
 [1.16573960e+03]
 [9.04648475e+01]
 [7.85648037e+01]
 [5.81107861e+01]
 [5.09821883e+01]
 [3.93101411e+01]
 [7.38274664e+02]
 [6.27583122e+01]
 [4.82763990e+01]
 [4.80639116e+01]
 [4.49193915e+01]
 [3.63620060e+01]]
[[4.43625294]
 [4.40349567]
 [2.37561351]
 [3.54517453]
 [1.0110749 ]
 [1.19992171]
 [2.35443693]
 [5.58077091]
 [2.18566032]
 [0.88413984]
 [2.64922948]
 [2.30457243]
 [2.76276321]
 [1.99961916]
 [5.64754829]
 [2.10430056]
 [1.48702176]
 [2.04900276]
 [2.24749837]
 [2.30471788]
 [1.26874476]
 [1.02508333]
 [0.1787587 ]
 [1.716594  ]
 [1.72599955]
 [0.85979463]
 [1.42564591]
 [1.42969683]
 [0.51804492]]
(Pdb) subset-idx-size=24
> /home/jarda/Desktop/thesis/nncmaes/code/nncmaes.py(1361)__call__()
-> print("tau-train-ens={}".format(tau))
(Pdb) 0.2
(Pdb) array([[ 7.73834892],
       [ 0.12173637],
       [-0.01392559],
       [-0.17766091],
       [ 0.63298996],
       [-0.17946148],
       [-0.17642604],
       [-0.00948041],
       [-0.06607111],
       [-0.11489336],
       [-0.17736537],
       [-0.17898372],
       [-0.12797492],
       [-0.17711244],
       [-0.17765625],
       [-0.17859095],
       [-0.17891671],
       [-0.17945009],
       [-0.14750906],
       [-0.17837857],
       [-0.17904036],
       [-0.17905007],
       [-0.17919376],
       [-0.17958482]])
(Pdb) array([[-5.14319777e-01],
       [-3.42285645e-03],
       [ 7.01091103e-03],
       [ 3.31715792e-04],
       [ 1.66502492e-03],
       [-1.14591238e-02],
       [-3.64895989e-03],
       [-1.81469231e-03],
       [-2.36339445e-03],
       [ 3.52934601e-03],
       [-1.15024258e-03],
       [ 7.74493232e-04],
       [ 3.50811433e-03],
       [ 3.04366468e-05],
       [ 9.41482237e-04],
       [ 4.72416858e-03],
       [ 4.67553346e-03],
       [ 4.27469478e-04],
       [ 7.12617878e-03],
       [ 3.45417305e-03],
       [-9.35118110e-04],
       [ 7.84737856e-05],
       [-5.32306265e-03],
       [ 1.46526641e-02]])
(Pdb) tau-train-ens=0.2
tau-archive=0.2
eval=6 | not-eval=0 | tau= 0.64 | n_kendall=12 | std(means)/mean(stds)=  5.81 | std(means)=1.95e+04 | mean(stds)=3.36e+03
tau-population= 0.87
> /home/jarda/Desktop/thesis/nncmaes/code/nncmaes.py(722)__call__()
-> return idx
(Pdb) array([7.20674689, 7.07524713, 4.13359249, 5.75845901, 2.17326414,
       2.38107805, 3.31317649, 8.15714355, 2.86691832, 0.69600686,
       3.25513962, 2.65833878, 3.24001996, 2.21320709, 8.03684779,
       2.51491126, 1.38277343, 2.26391564, 2.80706894, 2.58772591,
       1.16933182, 0.88932656, 0.68441819, 1.84441011, 1.76395115,
       0.59778656, 1.31049912, 2.52316326, 0.84261726, 2.48149095,
       2.30912625, 2.37296059, 2.22282424, 1.27983984, 0.38930586])
(Pdb) array([[6.63016254e+03],
       [3.66147696e+03],
       [1.78179063e+04],
       [3.90610770e+01],
       [3.75875059e+03],
       [1.45200276e+03],
       [8.49300514e+01],
       [4.95158866e+01],
       [1.16573960e+03],
       [9.04648475e+01],
       [7.85648037e+01],
       [5.81107861e+01],
       [5.09821883e+01],
       [3.93101411e+01],
       [7.38274664e+02],
       [6.27583122e+01],
       [4.82763990e+01],
       [4.80639116e+01],
       [4.49193915e+01],
       [3.63620060e+01],
       [3.76590392e+04],
       [1.05979375e+02],
       [5.90860477e+01],
       [4.84743749e+01],
       [4.83194097e+01],
       [3.87445123e+01]])
(Pdb) array([[6.63016254e+03],
       [3.66147696e+03],
       [1.78179063e+04],
       [3.90610770e+01],
       [3.75875059e+03],
       [1.45200276e+03],
       [8.49300514e+01],
       [4.95158866e+01],
       [1.16573960e+03],
       [9.04648475e+01],
       [7.85648037e+01],
       [5.81107861e+01],
       [5.09821883e+01],
       [3.93101411e+01],
       [7.38274664e+02],
       [6.27583122e+01],
       [4.82763990e+01],
       [4.80639116e+01],
       [4.49193915e+01],
       [3.63620060e+01],
       [3.76590392e+04],
       [1.05979375e+02],
       [5.90860477e+01],
       [4.84743749e+01],
       [4.83194097e+01],
       [3.87445123e+01]])
(Pdb) array([7847.38936212])
(Pdb) array([37659.03920897])
(Pdb) *** NameError: name 'nets' is not defined
(Pdb) subset-idx-size=26
> /home/jarda/Desktop/thesis/nncmaes/code/nncmaes.py(1361)__call__()
-> print("tau-train-ens={}".format(tau))
(Pdb) array([[-5.12882487e-02],
       [ 6.81299034e-04],
       [-1.29283370e-01],
       [ 5.32254761e-04],
       [-2.07641637e-02],
       [ 2.58115586e-03],
       [-3.99311803e-03],
       [-1.78699986e-03],
       [ 4.30631191e-03],
       [-1.46815403e-03],
       [-2.26102824e-03],
       [-1.53571061e-03],
       [ 4.13914388e-03],
       [ 1.68656532e-02],
       [ 2.17533192e-02],
       [-1.12920333e-03],
       [-4.38028564e-03],
       [-3.42627169e-05],
       [ 1.42643117e-02],
       [ 2.09564835e-02],
       [-5.22861371e-01],
       [ 4.46866668e-02],
       [-1.14437019e-03],
       [-6.20583831e-03],
       [-2.20698452e-03],
       [-1.97117187e-02]])
(Pdb) array([[ 1.1343315 ],
       [ 0.52840564],
       [ 3.41781458],
       [-0.21095035],
       [ 0.54825975],
       [ 0.0774392 ],
       [-0.20158823],
       [-0.20881647],
       [ 0.01901124],
       [-0.20045855],
       [-0.20288742],
       [-0.2070622 ],
       [-0.20851719],
       [-0.21089952],
       [-0.06823682],
       [-0.20611361],
       [-0.20906945],
       [-0.20911282],
       [-0.20975464],
       [-0.21150125],
       [ 7.46750433],
       [-0.19729194],
       [-0.20686314],
       [-0.20902905],
       [-0.20906067],
       [-0.21101497]])
(Pdb) 